[play.fancade.com/60BE239F70977F47.html]
[backblue.gif]
[fade.gif]
[index.html]
[www.fancade.com/images/60BE239F70977F47.jpg]
[play.fancade.com/webapp/fancade_stripped.css]
[play.fancade.com/webapp/favicon.ico]
[game-cdn.poki.com/scripts/v2/poki-sdk.js]
[play.fancade.com/60BE239F70977F47/index.html]
[play.fancade.com/choice1ed7.html]
[play.fancade.com/choice/index.html]
[play.fancade.com/index.html]
[play.fancade.com/appstore.png]
[play.fancade.com/playstore.png]
[www.gstatic.com/firebasejs/9.6.7/firebase-app-compat.js]
[www.gstatic.com/firebasejs/9.6.7/firebase-analytics-compat.js]
[www.gstatic.com/firebasejs/9.6.7/firebase-auth-compat.js]
[www.gstatic.com/firebasejs/9.6.7/firebase-storage-compat.js]
[www.gstatic.com/firebasejs/9.6.7/firebase-remote-config-compat.js]
[play.fancade.com/webapp/source_min_stripped.js]
[play.fancade.com/60BE239F70977F47.html]
[play.fancade.com/60BE239F70977F47/index.html]
[play.fancade.com/webapp/index_stripped.js]
[play.fancade.com/webapp/fancade_stripped.css]
[play.fancade.com/webapp/baloo2.woff]
[www.fancade.com/images/choice.jpg]
[play.fancade.com/choice/index.html]
[www.fancade.com/images/fancade.jpg]
[play.fancade.com/webapp/fancade.css]
[play.fancade.com/webapp/source_min.js]
[play.fancade.com/index.html]
[play.fancade.com/webapp/index.js]
[www.fancade.com/images/choicejs3FtagversionV3.jpg]
[play.fancade.com/choice1ed7.html]
[www.fancade.com/images/choice.html]
[play.fancade.com/webapp/fancade.css]
[www.fancade.com/images/choicejs3FtagversionV3.html]
[play.fancade.com/choicejs3FtagversionV3/index.html]
[play.fancade.com/choicejs3FtagversionV3/index.html]
